=== DEPLOY: 00_COMPLETE_MSSQL_Deployment.sql ===
exit=1


(1 rows affected)

(1 rows affected)

(1 rows affected)

(1 rows affected)

(1 rows affected)

(1 rows affected)

(1 rows affected)

(1 rows affected)

(1 rows affected)

(1 rows affected)

(1 rows affected)

(1 rows affected)

(1 rows affected)

(1 rows affected)

(1 rows affected)

(1 rows affected)

(1 rows affected)

(1 rows affected)

(1 rows affected)

(1 rows affected)

(1 rows affected)

(1 rows affected)

(1 rows affected)

(1 rows affected)

(1 rows affected)

(1 rows affected)

(1 rows affected)

(1 rows affected)

(1 rows affected)

(1 rows affected)

(1 rows affected)

(1 rows affected)

(1 rows affected)

(1 rows affected)

(1 rows affected)

(1 rows affected)

(1 rows affected)

(1 rows affected)

(1 rows affected)

(1 rows affected)

(1 rows affected)

(1 rows affected)

(1 rows affected)

(1 rows affected)

(1 rows affected)

(1 rows affected)

(1 rows affected)

(1 rows affected)

(1 rows affected)

(1 rows affected)

(1 rows affected)

(1 rows affected)

(1 rows affected)

(1 rows affected)

(1 rows affected)

(1 rows affected)

(1 rows affected)

(1 rows affected)

(1 rows affected)

(1 rows affected)

(1 rows affected)

(1 rows affected)

(1 rows affected)

(1 rows affected)

(1 rows affected)

(1 rows affected)

(1 rows affected)

(1 rows affected)

(1 rows affected)

(1 rows affected)

(1 rows affected)

(1 rows affected)

(1 rows affected)

(1 rows affected)

(1 rows affected)

(1 rows affected)

(1 rows affected)

(1 rows affected)

(1 rows affected)

(1 rows affected)

(1 rows affected)

(1 rows affected)

(1 rows affected)

(1 rows affected)

(1 rows affected)

(1 rows affected)

(1 rows affected)

(1 rows affected)

(1 rows affected)

(1 rows affected)

(1 rows affected)

(1 rows affected)

(1 rows affected)

(1 rows affected)

(1 rows affected)

(1 rows affected)

(1 rows affected)

(100 rows affected)
Msg 7609, Level 17, State 5, Server ac92dd1d5fa7, Line 2
Full-Text Search is not installed, or a full-text component cannot be loaded.
