=== OP 3 ===
STATUS: PASS  exit=0  elapsed=1.01s  rows=100

--- STDERR ---


--- STDOUT (tail) ---
oris Orr,VP,VP,/,1
/56/,1,Helen Cox,Analyst,Analyst,/,1
/57/,1,Matthew Thompson,VP,VP,/,1
/58/,1,Joanna Floyd,Engineer,Engineer,/,1
/59/,1,Sterling Glass,Architect,Architect,/,1
/60/,1,Etta Rosales,Consultant,Consultant,/,1
/61/,1,Juanita Krueger,Specialist,Specialist,/,1
/62/,1,Bonnie Hale,Consultant,Consultant,/,1
/63/,1,Johnnie Boyer,Analyst,Analyst,/,1
/64/,1,Pablo Lynn,Engineer,Engineer,/,1
/65/,1,Katherine Brooks,Engineer,Engineer,/,1
/66/,1,Genevieve Horn,VP,VP,/,1
/67/,1,Henry Perry,VP,VP,/,1
/68/,1,Shawn Tate,Manager,Manager,/,1
/69/,1,Imogene Conley,VP,VP,/,1
/70/,1,Eunice Conley,VP,VP,/,1
/71/,1,Benjamin Ward,Analyst,Analyst,/,1
/72/,1,Ollie Paul,Consultant,Consultant,/,1
/73/,1,Juan Elliott,Consultant,Consultant,/,1
/74/,1,Robert Williamson,Architect,Architect,/,1
/75/,1,Christopher Jackson,VP,VP,/,1
/76/,1,Grant Sutton,Director,Director,/,1
/77/,1,Jeri Charles,Director,Director,/,1
/78/,1,Lynne Hale,Analyst,Analyst,/,1
/79/,1,Brittany Arnold,Specialist,Specialist,/,1
/80/,1,Gretchen Barrera,Senior Engineer,Senior Engineer,/,1
/81/,1,Fabian Joseph,Consultant,Consultant,/,1
/82/,1,Jana Castaneda,Engineer,Engineer,/,1
/83/,1,Corey Howell,Specialist,Specialist,/,1
/84/,1,Bobby Cervantes,Consultant,Consultant,/,1
/85/,1,Rufus Sutton,Coordinator,Coordinator,/,1
/86/,1,Lela Montoya,Senior Engineer,Senior Engineer,/,1
/87/,1,Shawn Tate,Director,Director,/,1
/88/,1,Anna Ortiz,Specialist,Specialist,/,1
/89/,1,Ann Marshall,Manager,Manager,/,1
/90/,1,Loren Solis,Consultant,Consultant,/,1
/91/,1,Teri Valencia,Coordinator,Coordinator,/,1
/92/,1,Gary Stewart,Engineer,Engineer,/,1
/93/,1,Julius Wilkins,Coordinator,Coordinator,/,1
/94/,1,Angelo Nolan,Consultant,Consultant,/,1
/95/,1,Frances Mills,Engineer,Engineer,/,1
/96/,1,Alonzo Parrish,Specialist,Specialist,/,1
/97/,1,Marshall Barton,Coordinator,Coordinator,/,1
/98/,1,Faye Higgins,Manager,Manager,/,1
/99/,1,Richard Hernandez,Consultant,Consultant,/,1
/100/,1,Rudy Black,Consultant,Consultant,/,1

(100 rows affected)

