=== OP 17 ===
STATUS: PASS  exit=0  elapsed=0.11s  rows=50

--- STDERR ---


--- STDOUT (tail) ---
5.2347494,Historical
7,661821.59000000,2026-07-26 18:30:55.2347494,9999-12-31 23:59:59.9999999,Current
8,990859.80000000,2026-07-26 17:54:01.8380207,2026-07-26 17:59:38.1389039,Historical
8,990859.80000000,2026-07-26 17:59:38.1389039,2026-07-26 18:19:17.8370240,Historical
8,990859.80000000,2026-07-26 18:19:17.8370240,2026-07-26 18:30:55.2347494,Historical
8,990859.80000000,2026-07-26 18:30:55.2347494,9999-12-31 23:59:59.9999999,Current
9,474884.68950000,2026-07-26 17:54:01.8483089,2026-07-26 17:59:38.1389039,Historical
9,474884.68950000,2026-07-26 17:59:38.1389039,2026-07-26 18:19:17.8370240,Historical
9,474884.68950000,2026-07-26 18:19:17.8370240,2026-07-26 18:30:55.2347494,Historical
9,474884.68950000,2026-07-26 18:30:55.2347494,9999-12-31 23:59:59.9999999,Current
10,577659.66000000,2026-07-26 17:54:01.8564978,2026-07-26 17:59:38.1389039,Historical
10,577659.66000000,2026-07-26 17:59:38.1389039,2026-07-26 18:19:17.8370240,Historical
10,577659.66000000,2026-07-26 18:19:17.8370240,2026-07-26 18:30:55.2347494,Historical
10,577659.66000000,2026-07-26 18:30:55.2347494,9999-12-31 23:59:59.9999999,Current
11,3054831.66000000,2026-07-26 17:54:01.8613216,2026-07-26 17:59:38.1389039,Historical
11,3054831.66000000,2026-07-26 17:59:38.1389039,2026-07-26 18:19:17.8370240,Historical
11,3054831.66000000,2026-07-26 18:19:17.8370240,2026-07-26 18:30:55.2347494,Historical
11,3054831.66000000,2026-07-26 18:30:55.2347494,9999-12-31 23:59:59.9999999,Current
12,2094255.62000000,2026-07-26 17:54:01.8695004,2026-07-26 17:59:38.1389039,Historical
12,2094255.62000000,2026-07-26 17:59:38.1389039,2026-07-26 18:19:17.8370240,Historical
12,2094255.62000000,2026-07-26 18:19:17.8370240,2026-07-26 18:30:55.2347494,Historical
12,2094255.62000000,2026-07-26 18:30:55.2347494,9999-12-31 23:59:59.9999999,Current
13,455069.78000000,2026-07-26 17:54:01.8776701,2026-07-26 17:59:38.1389039,Historical
13,455069.78000000,2026-07-26 17:59:38.1389039,2026-07-26 18:19:17.8370240,Historical

(50 rows affected)

