=== OP 20 ===
STATUS: PASS  exit=0  elapsed=0.1s  rows=50

--- STDERR ---


--- STDOUT (tail) ---
94211,2026-07-26 18:30:55.2347494,0
32,4,2026-07-26 17:54:02.0334961,2026-07-26 18:30:55.2347494,0
31,4,2026-07-26 17:54:02.0253110,2026-07-26 18:30:55.2347494,0
30,4,2026-07-26 17:54:02.0093342,2026-07-26 18:30:55.2347494,0
29,4,2026-07-26 17:54:02.0003167,2026-07-26 18:30:55.2347494,0
28,4,2026-07-26 17:54:01.9921909,2026-07-26 18:30:55.2347494,0
27,4,2026-07-26 17:54:01.9834928,2026-07-26 18:30:55.2347494,0
26,4,2026-07-26 17:54:01.9752956,2026-07-26 18:30:55.2347494,0
24,4,2026-07-26 17:54:01.9533099,2026-07-26 18:30:55.2347494,0
23,4,2026-07-26 17:54:01.9470869,2026-07-26 18:30:55.2347494,0
22,4,2026-07-26 17:54:01.9389105,2026-07-26 18:30:55.2347494,0
21,4,2026-07-26 17:54:01.9307349,2026-07-26 18:30:55.2347494,0
20,4,2026-07-26 17:54:01.9225702,2026-07-26 18:30:55.2347494,0
19,4,2026-07-26 17:54:01.9184913,2026-07-26 18:30:55.2347494,0
18,4,2026-07-26 17:54:01.9103020,2026-07-26 18:30:55.2347494,0
17,4,2026-07-26 17:54:01.9021675,2026-07-26 18:30:55.2347494,0
16,4,2026-07-26 17:54:01.8939960,2026-07-26 18:30:55.2347494,0
15,4,2026-07-26 17:54:01.8899139,2026-07-26 18:30:55.2347494,0
14,4,2026-07-26 17:54:01.8817485,2026-07-26 18:30:55.2347494,0
13,4,2026-07-26 17:54:01.8776701,2026-07-26 18:30:55.2347494,0
12,4,2026-07-26 17:54:01.8695004,2026-07-26 18:30:55.2347494,0
11,4,2026-07-26 17:54:01.8613216,2026-07-26 18:30:55.2347494,0
10,4,2026-07-26 17:54:01.8564978,2026-07-26 18:30:55.2347494,0
9,4,2026-07-26 17:54:01.8483089,2026-07-26 18:30:55.2347494,0
8,4,2026-07-26 17:54:01.8380207,2026-07-26 18:30:55.2347494,0
7,4,2026-07-26 17:54:01.8320788,2026-07-26 18:30:55.2347494,0
6,4,2026-07-26 17:54:01.8279898,2026-07-26 18:30:55.2347494,0
5,4,2026-07-26 17:54:01.8183088,2026-07-26 18:30:55.2347494,0
4,4,2026-07-26 17:54:01.8046041,2026-07-26 18:30:55.2347494,0
3,4,2026-07-26 17:54:01.7963133,2026-07-26 18:30:55.2347494,0
2,4,2026-07-26 17:54:01.7842632,2026-07-26 18:30:55.2347494,0
1,4,2026-07-26 17:54:01.6996817,2026-07-26 18:30:55.2347494,0

(50 rows affected)

