=== OP 30 ===
STATUS: PASS  exit=0  elapsed=0.13s  rows=100

--- STDERR ---


--- STDOUT (tail) ---
63000000
Alex Banks,2026-07-26 17:54:29.8293084,2127758.63000000,5207450.83000000,1,770728.83000000,NULL
Alexander Gray,2026-07-26 17:54:01.9752956,1232659.87000000,1232659.87000000,5,NULL,34635.72000000
Alexander Gray,2026-07-26 17:54:12.0909178,34635.72000000,1267295.59000000,10,1232659.87000000,2086749.66000000
Alexander Gray,2026-07-26 17:54:12.6236585,2086749.66000000,3354045.25000000,2,34635.72000000,1957887.68000000
Alexander Gray,2026-07-26 17:54:14.7746908,1957887.68000000,5311932.93000000,3,2086749.66000000,150075.96000000
Alexander Gray,2026-07-26 17:54:24.1753084,150075.96000000,5462008.89000000,8,1957887.68000000,860180.79000000
Alexander Gray,2026-07-26 17:54:25.2168612,860180.79000000,6322189.68000000,6,150075.96000000,3558992.63000000
Alexander Gray,2026-07-26 17:54:25.3980491,3558992.63000000,9881182.31000000,1,860180.79000000,73439.66000000
Alexander Gray,2026-07-26 17:54:28.4302154,73439.66000000,9954621.97000000,9,3558992.63000000,226865.97000000
Alexander Gray,2026-07-26 17:54:28.6716762,226865.97000000,10181487.94000000,7,73439.66000000,1874591.77000000
Alexander Gray,2026-07-26 17:54:36.4944119,1874591.77000000,12056079.71000000,4,226865.97000000,NULL
Alfonso Friedman,2026-07-26 17:54:02.4697748,4147065.51000000,4147065.51000000,1,NULL,4025825.58000000
Alfonso Friedman,2026-07-26 17:54:10.2083148,4025825.58000000,8172891.09000000,2,4147065.51000000,2781621.71000000
Alfonso Friedman,2026-07-26 17:54:15.3043305,2781621.71000000,10954512.80000000,3,4025825.58000000,255015.92000000
Alfonso Friedman,2026-07-26 17:54:19.0116856,255015.92000000,11209528.72000000,7,2781621.71000000,388478.87000000
Alfonso Friedman,2026-07-26 17:54:26.5983029,388478.87000000,11598007.59000000,5,255015.92000000,259007.52000000
Alfonso Friedman,2026-07-26 17:54:26.6976589,259007.52000000,11857015.11000000,6,388478.87000000,172358.70750000
Alfonso Friedman,2026-07-26 17:54:32.2465888,172358.70750000,12029373.81750000,9,259007.52000000,866189.85000000

(100 rows affected)

