=== OP 37 ===
STATUS: PASS  exit=0  elapsed=0.09s  rows=None

--- STDERR ---


--- STDOUT (tail) ---
m,EU,2026-07-07 00:00:00.0000000,502534.00,325
2309,Customer 1309 GmbH,contact1309@customer.com,EU,2026-07-07 00:00:00.0000000,502153.00,367
2773,Customer 1773 Inc,contact1773@customer.com,NA,2026-07-06 00:00:00.0000000,936337.00,286
2027,Customer 1027 Inc,contact1027@customer.com,EU,2026-07-06 00:00:00.0000000,439324.00,270
1780,Customer 780 Inc,contact780@customer.com,EU,2026-07-06 00:00:00.0000000,620499.00,9
1265,Customer 265 GmbH,contact265@customer.com,MEA,2026-07-06 00:00:00.0000000,194100.00,361
2398,Customer 1398 Ltd,contact1398@customer.com,EU,2026-07-05 00:00:00.0000000,120545.00,250
2581,Customer 1581 GmbH,contact1581@customer.com,EU,2026-07-05 00:00:00.0000000,198015.00,224
2690,Customer 1690 GmbH,contact1690@customer.com,NA,2026-07-05 00:00:00.0000000,65159.00,27
2154,Customer 1154 Ltd,contact1154@customer.com,APAC,2026-07-05 00:00:00.0000000,975409.00,268
2173,Customer 1173 Inc,contact1173@customer.com,LATAM,2026-07-05 00:00:00.0000000,715655.00,32
2379,Customer 1379 Inc,contact1379@customer.com,LATAM,2026-07-05 00:00:00.0000000,644131.00,175
2507,Customer 1507 LLC,contact1507@customer.com,EU,2026-07-04 00:00:00.0000000,104535.00,252
2982,Customer 1982 Inc,contact1982@customer.com,NA,2026-07-04 00:00:00.0000000,147578.00,164
1814,Customer 814 GmbH,contact814@customer.com,NA,2026-07-04 00:00:00.0000000,775162.00,342
1138,Customer 138 Ltd,contact138@customer.com,NA,2026-07-04 00:00:00.0000000,675250.00,247
1241,Customer 241 GmbH,contact241@customer.com,EU,2026-07-04 00:00:00.0000000,995071.00,123
1307,Customer 307 LLC,contact307@customer.com,MEA,2026-07-04 00:00:00.0000000,902045.00,419
2965,Customer 1965 Inc,contact1965@customer.com,MEA,2026-07-03 00:00:00.0000000,304571.00,159
1818,Customer 818 Corp,contact818@customer.com,APAC,2026-07-03 00:00:00.0000000,586335.00,235
1575,Customer 575 Inc,contact575@customer.com,EU,2026-07-03 00:00:00.0000000,68705.00,481
2306,Customer 1306 Ltd,contact1306@customer.com,APAC,2026-07-03 00:00:00.0000000,938333.00,396

