=== OP 31 ===
STATUS: PASS  exit=0  elapsed=108.04s  rows=50

--- STDERR ---


--- STDOUT (tail) ---
.380317096537162,POINT (-94.79 -87.5),POINT (-95.11 -87.61)
2092,4349,12.534474814515036,POINT (-170.82 -64.63),POINT (-170.7 -64.73)
1325,2261,12.562976710596686,POINT (21.25 -89.17),POINT (19.51 -89.28)
3229,3874,12.717007961745992,POINT (159.53 84.49),POINT (160.38 84.57)
2140,2855,12.812665889938168,POINT (-122.6 -10.95),POINT (-122.49 -10.91)
2981,4327,13.102608088393138,POINT (91.12 76.01),POINT (90.95 76.12)
1488,2900,13.432103923281941,POINT (-138.38 -89),POINT (-134.73 -88.9)
414,3570,13.953684087454597,POINT (-22.88 88.92),POINT (-29.46 88.91)
315,2648,14.000424613047176,POINT (-135.09 83.34),POINT (-135.4 83.22)
2300,4947,14.122348539852009,POINT (160.84 8.66),POINT (160.74 8.58)
159,1888,14.228344179835725,POINT (-21.43 -11.09),POINT (-21.55 -11.14)
1325,1484,14.530040705503177,POINT (21.25 -89.17),POINT (21.61 -89.3)
1492,3113,14.699931379429589,POINT (162.04 87.13),POINT (160.36 87.03)
779,1115,14.954367722567961,POINT (177.98 -77.87),POINT (177.39 -77.82)
199,3590,15.391559415675689,POINT (26.63 -82.67),POINT (25.62 -82.72)
1047,4541,15.564053760089751,POINT (71.16 -89.92),POINT (-97.64 -89.94)
3986,4043,15.566501288172061,POINT (58.35 -87.68),POINT (55.17 -87.63)
2643,3981,15.636609468230874,POINT (-26.82 -87.67),POINT (-29.18 -87.57)
784,1003,15.637180120020854,POINT (-120.08 82.77),POINT (-120.06 82.91)
1229,3715,15.71899939813977,POINT (154.23 -87.41),POINT (151.29 -87.46)
680,2888,15.906736435422918,POINT (-171.04 72.76),POINT (-171.13 72.62)
104,3680,15.995464948648786,POINT (50.41 32.39),POINT (50.58 32.39)
3166,4677,16.334969785733595,POINT (-2.83 28.36),POINT (-2.69 28.44)
3587,4080,16.378695539216846,POINT (19.62 -87.96),POINT (16.53 -88.06)
2045,2800,16.463296360411711,POINT (-129.4 85.55),POINT (-130.92 85.64)
2563,2658,16.481492558900396,POINT (158.93 74.18),POINT (158.39 74.17)
3070,3219,16.567524200887064,POINT (88.53 -8.26),POINT (88.44 -8.14)
1852,2597,16.661423026195617,POINT (-118.36 47.56),POINT (-118.47 47.43)

(50 rows affected)

