=== OP 45 ===
STATUS: PASS  exit=0  elapsed=0.1s  rows=None

--- STDERR ---


--- STDOUT (tail) ---
m,NULL,NULL
76,Grant Sutton,Marketing,Director,195699.00,grant.sutton76@corp.com,NULL,NULL
77,Jeri Charles,Legal,Director,108916.00,jeri.charles77@corp.com,NULL,NULL
78,Lynne Hale,Legal,Analyst,68356.00,lynne.hale78@corp.com,NULL,NULL
79,Brittany Arnold,IT,Specialist,113656.00,brittany.arnold79@corp.com,NULL,NULL
80,Gretchen Barrera,Marketing,Senior Engineer,198834.00,gretchen.barrera80@corp.com,NULL,NULL
81,Fabian Joseph,Marketing,Consultant,239642.00,fabian.joseph81@corp.com,NULL,NULL
82,Jana Castaneda,Operations,Engineer,127086.00,jana.castaneda82@corp.com,NULL,NULL
83,Corey Howell,Marketing,Specialist,151562.00,corey.howell83@corp.com,NULL,NULL
84,Bobby Cervantes,Customer Success,Consultant,176093.00,bobby.cervantes84@corp.com,NULL,NULL
85,Rufus Sutton,Finance,Coordinator,190112.00,rufus.sutton85@corp.com,NULL,NULL
86,Lela Montoya,Sales,Senior Engineer,172878.00,lela.montoya86@corp.com,NULL,NULL
87,Shawn Tate,Finance,Director,174159.00,shawn.tate87@corp.com,NULL,NULL
88,Anna Ortiz,IT,Specialist,129086.00,anna.ortiz88@corp.com,NULL,NULL
89,Ann Marshall,IT,Manager,179561.00,ann.marshall89@corp.com,NULL,NULL
90,Loren Solis,Sales,Consultant,199731.00,loren.solis90@corp.com,NULL,NULL
91,Teri Valencia,IT,Coordinator,204185.00,teri.valencia91@corp.com,NULL,NULL
92,Gary Stewart,Finance,Engineer,49841.00,gary.stewart92@corp.com,NULL,NULL
93,Julius Wilkins,Marketing,Coordinator,70142.00,julius.wilkins93@corp.com,NULL,NULL
94,Angelo Nolan,IT,Consultant,122883.00,angelo.nolan94@corp.com,NULL,NULL
95,Frances Mills,R&D,Engineer,60358.00,frances.mills95@corp.com,NULL,NULL
96,Alonzo Parrish,Legal,Specialist,105074.00,alonzo.parrish96@corp.com,NULL,NULL
97,Marshall Barton,Finance,Coordinator,160542.00,marshall.barton97@corp.com,NULL,NULL
98,Faye Higgins,Marketing,Manager,221939.00,faye.higgins98@corp.com,NULL,NULL
99,Richard Hernandez,Operations,Consultant,168222.00,richard.hernandez99@corp.com,NULL,NULL
100,Rudy Black,Sales,Consultant,223274.00,rudy.black100@corp.com,NULL,NULL

