=== OP 48 ===
STATUS: PASS  exit=0  elapsed=0.09s  rows=50

--- STDERR ---


--- STDOUT (tail) ---
1,NULL,NULL,0,Invalid
2,NULL,NULL,1,Invalid
3,NULL,NULL,0,Invalid
4,NULL,NULL,0,Invalid
5,NULL,NULL,0,Invalid
6,NULL,NULL,1,Invalid
7,NULL,NULL,1,Invalid
8,NULL,NULL,0,Invalid
9,NULL,NULL,0,Invalid
10,NULL,NULL,1,Invalid
11,NULL,NULL,1,Invalid
12,NULL,NULL,1,Invalid
13,NULL,NULL,0,Invalid
14,NULL,NULL,1,Invalid
15,NULL,NULL,0,Invalid
16,NULL,NULL,0,Invalid
17,NULL,NULL,1,Invalid
18,NULL,NULL,0,Invalid
19,NULL,NULL,1,Invalid
20,NULL,NULL,0,Invalid
21,NULL,NULL,1,Invalid
22,NULL,NULL,1,Invalid
23,NULL,NULL,0,Invalid
24,NULL,NULL,1,Invalid
25,NULL,NULL,0,Invalid
26,NULL,NULL,0,Invalid
27,NULL,NULL,0,Invalid
28,NULL,NULL,1,Invalid
29,NULL,NULL,1,Invalid
30,NULL,NULL,1,Invalid
31,NULL,NULL,0,Invalid
32,NULL,NULL,1,Invalid
33,NULL,NULL,0,Invalid
34,NULL,NULL,0,Invalid
35,NULL,NULL,0,Invalid
36,NULL,NULL,1,Invalid
37,NULL,NULL,1,Invalid
38,NULL,NULL,0,Invalid
39,NULL,NULL,1,Invalid
40,NULL,NULL,1,Invalid
41,NULL,NULL,0,Invalid
42,NULL,NULL,0,Invalid
43,NULL,NULL,0,Invalid
44,NULL,NULL,0,Invalid
45,NULL,NULL,1,Invalid
46,NULL,NULL,1,Invalid
47,NULL,NULL,1,Invalid
48,NULL,NULL,1,Invalid
49,NULL,NULL,0,Invalid
50,NULL,NULL,0,Invalid

(50 rows affected)

