=== OP 43 ===
STATUS: PASS  exit=0  elapsed=0.09s  rows=50

--- STDERR ---


--- STDOUT (tail) ---
13,Juanita Krueger,juanita.krueger13@corp.com,78415.00
14,Sondra Bean,sondra.bean14@corp.com,53531.00
15,Jennie Salinas,jennie.salinas15@corp.com,204510.00
16,Lucy Nash,lucy.nash16@corp.com,220302.00
17,Celia Franco,celia.franco17@corp.com,92857.00
18,Mona Bender,mona.bender18@corp.com,176860.00
19,Bradford Mcclure,bradford.mcclure19@corp.com,249805.00
20,Sherman Bass,sherman.bass20@corp.com,134017.00
21,Kendrick Glass,kendrick.glass21@corp.com,215549.00
22,Rashad Villarreal,rashad.villarreal22@corp.com,99420.00
23,Alfonso Friedman,alfonso.friedman23@corp.com,127976.00
24,Nicholas Morales,nicholas.morales24@corp.com,243306.00
25,Steven Walker,steven.walker25@corp.com,222981.00
26,Wayne Wagner,wayne.wagner26@corp.com,166108.00
27,Thaddeus Conway,thaddeus.conway27@corp.com,199665.00
28,Cody Parsons,cody.parsons28@corp.com,98384.00
29,Mariah Jimenez,mariah.jimenez29@corp.com,207473.00
30,Bennie Duffy,bennie.duffy30@corp.com,241798.00
31,Dewayne Buck,dewayne.buck31@corp.com,202857.00
32,Cecilia Brock,cecilia.brock32@corp.com,246649.00
33,Victoria Willis,victoria.willis33@corp.com,235005.00
34,Effie Hale,effie.hale34@corp.com,122617.00
35,George Hall,george.hall35@corp.com,180315.00
36,Willie Nichols,willie.nichols36@corp.com,83097.00
37,Jennifer Williams,jennifer.williams37@corp.com,98999.00
38,Lenore Gillespie,lenore.gillespie38@corp.com,149985.00
39,Elva Roach,elva.roach39@corp.com,59927.00
40,Lucile Sheppard,lucile.sheppard40@corp.com,65178.00
41,Elvira Mclean,elvira.mclean41@corp.com,145740.00
42,Ellen Carr,ellen.carr42@corp.com,103629.00
43,Dylan Bradley,dylan.bradley43@corp.com,213731.00
44,Cathleen Rosario,cathleen.rosario44@corp.com,102469.00
45,Maria Garcia,maria.garcia45@corp.com,132422.00
46,Ashley Robinson,ashley.robinson46@corp.com,95207.00
47,Maria Garcia,maria.garcia47@corp.com,156189.00
48,Joyce Butler,joyce.butler48@corp.com,152387.00
49,Joseph Gonzalez,joseph.gonzalez49@corp.com,200034.00
50,Grace Fox,grace.fox50@corp.com,138895.00

(50 rows affected)

