=== OP 50 ===
STATUS: PASS  exit=0  elapsed=0.21s  rows=6

--- STDERR ---


--- STDOUT (tail) ---
394439,2026-07-26 17:54:54.0000000 +00:00
24,0x20EE15FF8FFAFB2A,4975,0.19699839195979899,0.19559738693467338,7.7447236180904522,2026-07-26 17:54:39.7470000 +00:00
26,0x933F94BE75747FEA,4971,0.13014484007242003,0.12984389458861395,3.0,2026-07-26 17:54:39.7470000 +00:00
16,0x7DC5283FDA689CD2,4971,0.11672782136391067,0.11594146047073023,0.0,2026-07-26 17:53:59.7170000 +00:00
20,0xD96CC1CA4C3196D8,971,0.06346446961894954,6.3276004119464463E-2,3.6127703398558189,2026-07-26 17:54:01.4730000 +00:00
35,0x7104E4994DF727CE,471,5.9116772823779196E-2,5.8823779193205944E-2,3.2547770700636942,2026-07-26 17:54:54.7670000 +00:00
30,0xA9F32AEF09937C02,971,0.05657157569515963,5.6287332646755922E-2,0.0,2026-07-26 17:54:44.4270000 +00:00
29,0xFFCE3E40AC384C6D,1971,0.05130035514967022,5.1117199391171993E-2,0.0,2026-07-26 17:54:42.8170000 +00:00
31,0x104A691FD0A4DFF2,2971,0.04575866711544934,0.04547492426792326,3.1447324133288457,2026-07-26 17:54:48.7470000 +00:00
18,0xD45CB60427B5C991,971,2.1404737384140064E-2,2.1140061791967046E-2,0.0,2026-07-26 17:54:01.4730000 +00:00
23,0x77DFD604395798AE,4971,1.9621404144035407E-2,1.9441963387648361E-2,2.0,2026-07-26 17:54:39.7470000 +00:00
27,0x7AA77CF3EEDEB78F,1971,1.7327752409944188E-2,1.7031456113647894E-2,0.0,2026-07-26 17:54:42.8170000 +00:00
13,0xD45CB60427B5C991,4971,0.01688593844296922,1.6716153691410177E-2,0.0,2026-07-26 17:53:59.7070000 +00:00
14,0xD45CB60427B5C991,4971,1.1412190706095353E-2,0.01127459263729632,0.0,2026-07-26 17:53:59.7070000 +00:00
19,0xD45CB60427B5C991,971,1.0972193614830072E-2,1.0822863027806384E-2,0.0,2026-07-26 17:54:01.4730000 +00:00

(50 rows affected)
PartitionedSales,1,NULL,364
PartitionedSales,2,2022,335
PartitionedSales,3,2023,313
PartitionedSales,4,2024,311
PartitionedSales,5,2025,342
PartitionedSales,6,2026,335

(6 rows affected)
============================================================
ALL 50 SOPHISTICATED MSSQL OPERATIONS EXECUTED SUCCESSFULLY
============================================================

